entry = 0x00000004

[symbols]
__array_idx_in_bounds_10 0x00000190
__array_idx_in_bounds_12 0x00000208
__array_idx_in_bounds_14 0x00000280
__array_idx_in_bounds_16 0x000002f8
__array_idx_in_bounds_18 0x00000370
__array_idx_in_bounds_20 0x000003e8
__array_idx_in_bounds_22 0x00000460
__array_idx_in_bounds_24 0x000004d8
__array_idx_in_bounds_66 0x00000a94
__array_idx_in_bounds_68 0x00000afc
__array_idx_in_bounds_70 0x00000b64
__array_idx_in_bounds_72 0x00000bcc
__array_idx_non_negative_11 0x000001f0
__array_idx_non_negative_13 0x00000268
__array_idx_non_negative_15 0x000002e0
__array_idx_non_negative_17 0x00000358
__array_idx_non_negative_19 0x000003d0
__array_idx_non_negative_21 0x00000448
__array_idx_non_negative_23 0x000004c0
__array_idx_non_negative_65 0x00000a7c
__array_idx_non_negative_67 0x00000ae4
__array_idx_non_negative_69 0x00000b4c
__array_idx_non_negative_71 0x00000bb4
__array_idx_non_negative_9 0x00000178
__array_size_ok_0    0x0000001c
__array_size_ok_3    0x00000080
__array_size_ok_6    0x000000e4
__array_vec_cmp_store_63 0x00000a00
__array_vec_cmp_true_62 0x000009fc
__array_vec_done_32  0x000005dc
__array_vec_done_40  0x000006e8
__array_vec_done_48  0x000007f4
__array_vec_done_56  0x00000900
__array_vec_done_64  0x00000a18
__array_vec_dst_size_ok_26 0x00000568
__array_vec_dst_size_ok_34 0x00000674
__array_vec_dst_size_ok_42 0x00000780
__array_vec_dst_size_ok_50 0x0000088c
__array_vec_dst_size_ok_58 0x00000998
__array_vec_loop_27  0x0000058c
__array_vec_loop_35  0x00000698
__array_vec_loop_43  0x000007a4
__array_vec_loop_51  0x000008b0
__array_vec_loop_59  0x000009bc
__array_vec_lr_sizes_ok_25 0x00000550
__array_vec_lr_sizes_ok_33 0x0000065c
__array_vec_lr_sizes_ok_41 0x00000768
__array_vec_lr_sizes_ok_49 0x00000874
__array_vec_lr_sizes_ok_57 0x00000980
__array_vec_scalar_loop_28 0x000005b4
__array_vec_scalar_loop_36 0x000006c0
__array_vec_scalar_loop_44 0x000007cc
__array_vec_scalar_loop_52 0x000008d8
__array_vec_scalar_loop_60 0x000009e4
__array_vec_scalar_step_29 0x000005b8
__array_vec_scalar_step_37 0x000006c4
__array_vec_scalar_step_45 0x000007d0
__array_vec_scalar_step_53 0x000008dc
__array_vec_scalar_step_61 0x000009e8
__array_zero_done_2  0x0000005c
__array_zero_done_5  0x000000c0
__array_zero_done_8  0x00000124
__array_zero_loop_1  0x00000048
__array_zero_loop_4  0x000000ac
__array_zero_loop_7  0x00000110
__default_input_handler 0x00000cd0
__default_input_handler_done 0x00000d3c
__g_a_0              0x00020000
__g_b_1              0x00020084
__g_r_2              0x00020088
__rt_heap_ptr        0x000201d4
__rt_input_buf_data  0x000201e0
__rt_input_buf_head  0x000201d8
__rt_input_buf_tail  0x000201dc
__rt_print_int       0x00000c04
__rt_print_int_after_sign 0x00000c28
__rt_print_int_digit_loop 0x00000c34
__rt_print_int_done  0x00000c88
__rt_print_int_negative 0x00000c14
__rt_print_int_output_loop 0x00000c5c
__rt_print_int_zero  0x00000c78
__rt_print_pstr      0x00000c94
__rt_print_pstr_done 0x00000cc4
__rt_print_pstr_loop 0x00000cac
__str_0              0x00020004
__str_1              0x0002008c
__str_2              0x000200f4
__str_3              0x00020144
__str_4              0x000201c4
__str_5              0x000201cc
__trap_vector_table  0x00000000
_start               0x00000004
fn_print_array4      0x00000a3c

[.text @ 0x00000000]
00000000 - d00c0000         - .word __default_input_handler
00000004 - 93024000         - addi t0, x0, 4
00000008 - 63da0200         - bge t0, x0, 20
0000000c - 37050200         - lui a0, 32
00000010 - 13054500         - addi a0, a0, 4
00000014 - ef001048         - jal ra, 3200
00000018 - 7300f0ff         - halt
0000001c - b70f0200         - lui t6, 32
00000020 - 938f4f1d         - addi t6, t6, 468
00000024 - 03a50f00         - lw a0, 0(t6)
00000028 - 23205500         - sw t0, 0(a0)
0000002c - 930e2000         - addi t4, x0, 2
00000030 - 339ed201         - sll t3, t0, t4
00000034 - 130e4e00         - addi t3, t3, 4
00000038 - 330fc501         - add t5, a0, t3
0000003c - 23a0ef01         - sw t5, 0(t6)
00000040 - 13034500         - addi t1, a0, 4
00000044 - 93030000         - addi t2, x0, 0
00000048 - 638a5300         - beq t2, t0, 20
0000004c - 23200300         - sw x0, 0(t1)
00000050 - 13034300         - addi t1, t1, 4
00000054 - 93831300         - addi t2, t2, 1
00000058 - 6ff01fff         - jal x0, -16
0000005c - b70f0200         - lui t6, 32
00000060 - 938f0f00         - addi t6, t6, 0
00000064 - 23a0af00         - sw a0, 0(t6)
00000068 - 93024000         - addi t0, x0, 4
0000006c - 63da0200         - bge t0, x0, 20
00000070 - 37050200         - lui a0, 32
00000074 - 13054500         - addi a0, a0, 4
00000078 - ef00d041         - jal ra, 3100
0000007c - 7300f0ff         - halt
00000080 - b70f0200         - lui t6, 32
00000084 - 938f4f1d         - addi t6, t6, 468
00000088 - 03a50f00         - lw a0, 0(t6)
0000008c - 23205500         - sw t0, 0(a0)
00000090 - 930e2000         - addi t4, x0, 2
00000094 - 339ed201         - sll t3, t0, t4
00000098 - 130e4e00         - addi t3, t3, 4
0000009c - 330fc501         - add t5, a0, t3
000000a0 - 23a0ef01         - sw t5, 0(t6)
000000a4 - 13034500         - addi t1, a0, 4
000000a8 - 93030000         - addi t2, x0, 0
000000ac - 638a5300         - beq t2, t0, 20
000000b0 - 23200300         - sw x0, 0(t1)
000000b4 - 13034300         - addi t1, t1, 4
000000b8 - 93831300         - addi t2, t2, 1
000000bc - 6ff01fff         - jal x0, -16
000000c0 - b70f0200         - lui t6, 32
000000c4 - 938f4f08         - addi t6, t6, 132
000000c8 - 23a0af00         - sw a0, 0(t6)
000000cc - 93024000         - addi t0, x0, 4
000000d0 - 63da0200         - bge t0, x0, 20
000000d4 - 37050200         - lui a0, 32
000000d8 - 13054500         - addi a0, a0, 4
000000dc - ef00903b         - jal ra, 3000
000000e0 - 7300f0ff         - halt
000000e4 - b70f0200         - lui t6, 32
000000e8 - 938f4f1d         - addi t6, t6, 468
000000ec - 03a50f00         - lw a0, 0(t6)
000000f0 - 23205500         - sw t0, 0(a0)
000000f4 - 930e2000         - addi t4, x0, 2
000000f8 - 339ed201         - sll t3, t0, t4
000000fc - 130e4e00         - addi t3, t3, 4
00000100 - 330fc501         - add t5, a0, t3
00000104 - 23a0ef01         - sw t5, 0(t6)
00000108 - 13034500         - addi t1, a0, 4
0000010c - 93030000         - addi t2, x0, 0
00000110 - 638a5300         - beq t2, t0, 20
00000114 - 23200300         - sw x0, 0(t1)
00000118 - 13034300         - addi t1, t1, 4
0000011c - 93831300         - addi t2, t2, 1
00000120 - 6ff01fff         - jal x0, -16
00000124 - b70f0200         - lui t6, 32
00000128 - 938f8f08         - addi t6, t6, 136
0000012c - 23a0af00         - sw a0, 0(t6)
00000130 - b7020200         - lui t0, 32
00000134 - 93820200         - addi t0, t0, 0
00000138 - 83a20200         - lw t0, 0(t0)
0000013c - 1301c1ff         - addi sp, sp, -4
00000140 - 23205100         - sw t0, 0(sp)
00000144 - 13030000         - addi t1, x0, 0
00000148 - 1301c1ff         - addi sp, sp, -4
0000014c - 23206100         - sw t1, 0(sp)
00000150 - 93038000         - addi t2, x0, 8
00000154 - 03230100         - lw t1, 0(sp)
00000158 - 13014100         - addi sp, sp, 4
0000015c - 83220100         - lw t0, 0(sp)
00000160 - 13014100         - addi sp, sp, 4
00000164 - 635a0300         - bge t1, x0, 20
00000168 - 37050200         - lui a0, 32
0000016c - 1305c508         - addi a0, a0, 140
00000170 - ef005032         - jal ra, 2852
00000174 - 7300f0ff         - halt
00000178 - 83ae0200         - lw t4, 0(t0)
0000017c - 634ad301         - blt t1, t4, 20
00000180 - 37050200         - lui a0, 32
00000184 - 1305c508         - addi a0, a0, 140
00000188 - ef00d030         - jal ra, 2828
0000018c - 7300f0ff         - halt
00000190 - 930e2000         - addi t4, x0, 2
00000194 - 331ed301         - sll t3, t1, t4
00000198 - 130e4e00         - addi t3, t3, 4
0000019c - 338ec201         - add t3, t0, t3
000001a0 - 23207e00         - sw t2, 0(t3)
000001a4 - 13850300         - addi a0, t2, 0
000001a8 - b7020200         - lui t0, 32
000001ac - 93820200         - addi t0, t0, 0
000001b0 - 83a20200         - lw t0, 0(t0)
000001b4 - 1301c1ff         - addi sp, sp, -4
000001b8 - 23205100         - sw t0, 0(sp)
000001bc - 13031000         - addi t1, x0, 1
000001c0 - 1301c1ff         - addi sp, sp, -4
000001c4 - 23206100         - sw t1, 0(sp)
000001c8 - 9303c000         - addi t2, x0, 12
000001cc - 03230100         - lw t1, 0(sp)
000001d0 - 13014100         - addi sp, sp, 4
000001d4 - 83220100         - lw t0, 0(sp)
000001d8 - 13014100         - addi sp, sp, 4
000001dc - 635a0300         - bge t1, x0, 20
000001e0 - 37050200         - lui a0, 32
000001e4 - 1305c508         - addi a0, a0, 140
000001e8 - ef00d02a         - jal ra, 2732
000001ec - 7300f0ff         - halt
000001f0 - 83ae0200         - lw t4, 0(t0)
000001f4 - 634ad301         - blt t1, t4, 20
000001f8 - 37050200         - lui a0, 32
000001fc - 1305c508         - addi a0, a0, 140
00000200 - ef005029         - jal ra, 2708
00000204 - 7300f0ff         - halt
00000208 - 930e2000         - addi t4, x0, 2
0000020c - 331ed301         - sll t3, t1, t4
00000210 - 130e4e00         - addi t3, t3, 4
00000214 - 338ec201         - add t3, t0, t3
00000218 - 23207e00         - sw t2, 0(t3)
0000021c - 13850300         - addi a0, t2, 0
00000220 - b7020200         - lui t0, 32
00000224 - 93820200         - addi t0, t0, 0
00000228 - 83a20200         - lw t0, 0(t0)
0000022c - 1301c1ff         - addi sp, sp, -4
00000230 - 23205100         - sw t0, 0(sp)
00000234 - 13032000         - addi t1, x0, 2
00000238 - 1301c1ff         - addi sp, sp, -4
0000023c - 23206100         - sw t1, 0(sp)
00000240 - 93032001         - addi t2, x0, 18
00000244 - 03230100         - lw t1, 0(sp)
00000248 - 13014100         - addi sp, sp, 4
0000024c - 83220100         - lw t0, 0(sp)
00000250 - 13014100         - addi sp, sp, 4
00000254 - 635a0300         - bge t1, x0, 20
00000258 - 37050200         - lui a0, 32
0000025c - 1305c508         - addi a0, a0, 140
00000260 - ef005023         - jal ra, 2612
00000264 - 7300f0ff         - halt
00000268 - 83ae0200         - lw t4, 0(t0)
0000026c - 634ad301         - blt t1, t4, 20
00000270 - 37050200         - lui a0, 32
00000274 - 1305c508         - addi a0, a0, 140
00000278 - ef00d021         - jal ra, 2588
0000027c - 7300f0ff         - halt
00000280 - 930e2000         - addi t4, x0, 2
00000284 - 331ed301         - sll t3, t1, t4
00000288 - 130e4e00         - addi t3, t3, 4
0000028c - 338ec201         - add t3, t0, t3
00000290 - 23207e00         - sw t2, 0(t3)
00000294 - 13850300         - addi a0, t2, 0
00000298 - b7020200         - lui t0, 32
0000029c - 93820200         - addi t0, t0, 0
000002a0 - 83a20200         - lw t0, 0(t0)
000002a4 - 1301c1ff         - addi sp, sp, -4
000002a8 - 23205100         - sw t0, 0(sp)
000002ac - 13033000         - addi t1, x0, 3
000002b0 - 1301c1ff         - addi sp, sp, -4
000002b4 - 23206100         - sw t1, 0(sp)
000002b8 - 93038001         - addi t2, x0, 24
000002bc - 03230100         - lw t1, 0(sp)
000002c0 - 13014100         - addi sp, sp, 4
000002c4 - 83220100         - lw t0, 0(sp)
000002c8 - 13014100         - addi sp, sp, 4
000002cc - 635a0300         - bge t1, x0, 20
000002d0 - 37050200         - lui a0, 32
000002d4 - 1305c508         - addi a0, a0, 140
000002d8 - ef00d01b         - jal ra, 2492
000002dc - 7300f0ff         - halt
000002e0 - 83ae0200         - lw t4, 0(t0)
000002e4 - 634ad301         - blt t1, t4, 20
000002e8 - 37050200         - lui a0, 32
000002ec - 1305c508         - addi a0, a0, 140
000002f0 - ef00501a         - jal ra, 2468
000002f4 - 7300f0ff         - halt
000002f8 - 930e2000         - addi t4, x0, 2
000002fc - 331ed301         - sll t3, t1, t4
00000300 - 130e4e00         - addi t3, t3, 4
00000304 - 338ec201         - add t3, t0, t3
00000308 - 23207e00         - sw t2, 0(t3)
0000030c - 13850300         - addi a0, t2, 0
00000310 - b7020200         - lui t0, 32
00000314 - 93824208         - addi t0, t0, 132
00000318 - 83a20200         - lw t0, 0(t0)
0000031c - 1301c1ff         - addi sp, sp, -4
00000320 - 23205100         - sw t0, 0(sp)
00000324 - 13030000         - addi t1, x0, 0
00000328 - 1301c1ff         - addi sp, sp, -4
0000032c - 23206100         - sw t1, 0(sp)
00000330 - 93032000         - addi t2, x0, 2
00000334 - 03230100         - lw t1, 0(sp)
00000338 - 13014100         - addi sp, sp, 4
0000033c - 83220100         - lw t0, 0(sp)
00000340 - 13014100         - addi sp, sp, 4
00000344 - 635a0300         - bge t1, x0, 20
00000348 - 37050200         - lui a0, 32
0000034c - 1305c508         - addi a0, a0, 140
00000350 - ef005014         - jal ra, 2372
00000354 - 7300f0ff         - halt
00000358 - 83ae0200         - lw t4, 0(t0)
0000035c - 634ad301         - blt t1, t4, 20
00000360 - 37050200         - lui a0, 32
00000364 - 1305c508         - addi a0, a0, 140
00000368 - ef00d012         - jal ra, 2348
0000036c - 7300f0ff         - halt
00000370 - 930e2000         - addi t4, x0, 2
00000374 - 331ed301         - sll t3, t1, t4
00000378 - 130e4e00         - addi t3, t3, 4
0000037c - 338ec201         - add t3, t0, t3
00000380 - 23207e00         - sw t2, 0(t3)
00000384 - 13850300         - addi a0, t2, 0
00000388 - b7020200         - lui t0, 32
0000038c - 93824208         - addi t0, t0, 132
00000390 - 83a20200         - lw t0, 0(t0)
00000394 - 1301c1ff         - addi sp, sp, -4
00000398 - 23205100         - sw t0, 0(sp)
0000039c - 13031000         - addi t1, x0, 1
000003a0 - 1301c1ff         - addi sp, sp, -4
000003a4 - 23206100         - sw t1, 0(sp)
000003a8 - 9303c000         - addi t2, x0, 12
000003ac - 03230100         - lw t1, 0(sp)
000003b0 - 13014100         - addi sp, sp, 4
000003b4 - 83220100         - lw t0, 0(sp)
000003b8 - 13014100         - addi sp, sp, 4
000003bc - 635a0300         - bge t1, x0, 20
000003c0 - 37050200         - lui a0, 32
000003c4 - 1305c508         - addi a0, a0, 140
000003c8 - ef00d00c         - jal ra, 2252
000003cc - 7300f0ff         - halt
000003d0 - 83ae0200         - lw t4, 0(t0)
000003d4 - 634ad301         - blt t1, t4, 20
000003d8 - 37050200         - lui a0, 32
000003dc - 1305c508         - addi a0, a0, 140
000003e0 - ef00500b         - jal ra, 2228
000003e4 - 7300f0ff         - halt
000003e8 - 930e2000         - addi t4, x0, 2
000003ec - 331ed301         - sll t3, t1, t4
000003f0 - 130e4e00         - addi t3, t3, 4
000003f4 - 338ec201         - add t3, t0, t3
000003f8 - 23207e00         - sw t2, 0(t3)
000003fc - 13850300         - addi a0, t2, 0
00000400 - b7020200         - lui t0, 32
00000404 - 93824208         - addi t0, t0, 132
00000408 - 83a20200         - lw t0, 0(t0)
0000040c - 1301c1ff         - addi sp, sp, -4
00000410 - 23205100         - sw t0, 0(sp)
00000414 - 13032000         - addi t1, x0, 2
00000418 - 1301c1ff         - addi sp, sp, -4
0000041c - 23206100         - sw t1, 0(sp)
00000420 - 93033000         - addi t2, x0, 3
00000424 - 03230100         - lw t1, 0(sp)
00000428 - 13014100         - addi sp, sp, 4
0000042c - 83220100         - lw t0, 0(sp)
00000430 - 13014100         - addi sp, sp, 4
00000434 - 635a0300         - bge t1, x0, 20
00000438 - 37050200         - lui a0, 32
0000043c - 1305c508         - addi a0, a0, 140
00000440 - ef005005         - jal ra, 2132
00000444 - 7300f0ff         - halt
00000448 - 83ae0200         - lw t4, 0(t0)
0000044c - 634ad301         - blt t1, t4, 20
00000450 - 37050200         - lui a0, 32
00000454 - 1305c508         - addi a0, a0, 140
00000458 - ef00d003         - jal ra, 2108
0000045c - 7300f0ff         - halt
00000460 - 930e2000         - addi t4, x0, 2
00000464 - 331ed301         - sll t3, t1, t4
00000468 - 130e4e00         - addi t3, t3, 4
0000046c - 338ec201         - add t3, t0, t3
00000470 - 23207e00         - sw t2, 0(t3)
00000474 - 13850300         - addi a0, t2, 0
00000478 - b7020200         - lui t0, 32
0000047c - 93824208         - addi t0, t0, 132
00000480 - 83a20200         - lw t0, 0(t0)
00000484 - 1301c1ff         - addi sp, sp, -4
00000488 - 23205100         - sw t0, 0(sp)
0000048c - 13033000         - addi t1, x0, 3
00000490 - 1301c1ff         - addi sp, sp, -4
00000494 - 23206100         - sw t1, 0(sp)
00000498 - 93038001         - addi t2, x0, 24
0000049c - 03230100         - lw t1, 0(sp)
000004a0 - 13014100         - addi sp, sp, 4
000004a4 - 83220100         - lw t0, 0(sp)
000004a8 - 13014100         - addi sp, sp, 4
000004ac - 635a0300         - bge t1, x0, 20
000004b0 - 37050200         - lui a0, 32
000004b4 - 1305c508         - addi a0, a0, 140
000004b8 - ef00c07d         - jal ra, 2012
000004bc - 7300f0ff         - halt
000004c0 - 83ae0200         - lw t4, 0(t0)
000004c4 - 634ad301         - blt t1, t4, 20
000004c8 - 37050200         - lui a0, 32
000004cc - 1305c508         - addi a0, a0, 140
000004d0 - ef00407c         - jal ra, 1988
000004d4 - 7300f0ff         - halt
000004d8 - 930e2000         - addi t4, x0, 2
000004dc - 331ed301         - sll t3, t1, t4
000004e0 - 130e4e00         - addi t3, t3, 4
000004e4 - 338ec201         - add t3, t0, t3
000004e8 - 23207e00         - sw t2, 0(t3)
000004ec - 13850300         - addi a0, t2, 0
000004f0 - 370f0200         - lui t5, 32
000004f4 - 130f8f08         - addi t5, t5, 136
000004f8 - 032f0f00         - lw t5, 0(t5)
000004fc - 1301c1ff         - addi sp, sp, -4
00000500 - 2320e101         - sw t5, 0(sp)
00000504 - b7020200         - lui t0, 32
00000508 - 93820200         - addi t0, t0, 0
0000050c - 83a20200         - lw t0, 0(t0)
00000510 - 1301c1ff         - addi sp, sp, -4
00000514 - 23205100         - sw t0, 0(sp)
00000518 - 37030200         - lui t1, 32
0000051c - 13034308         - addi t1, t1, 132
00000520 - 03230300         - lw t1, 0(t1)
00000524 - 83220100         - lw t0, 0(sp)
00000528 - 13014100         - addi sp, sp, 4
0000052c - 032f0100         - lw t5, 0(sp)
00000530 - 13014100         - addi sp, sp, 4
00000534 - 83a30200         - lw t2, 0(t0)
00000538 - 032e0300         - lw t3, 0(t1)
0000053c - 638ac301         - beq t2, t3, 20
00000540 - 37050200         - lui a0, 32
00000544 - 1305450f         - addi a0, a0, 244
00000548 - ef00c074         - jal ra, 1868
0000054c - 7300f0ff         - halt
00000550 - 832e0f00         - lw t4, 0(t5)
00000554 - 638ad301         - beq t2, t4, 20
00000558 - 37050200         - lui a0, 32
0000055c - 13054514         - addi a0, a0, 324
00000560 - ef004073         - jal ra, 1844
00000564 - 7300f0ff         - halt
00000568 - 13050f00         - addi a0, t5, 0
0000056c - 930e4000         - addi t4, x0, 4
00000570 - b382d201         - add t0, t0, t4
00000574 - 3303d301         - add t1, t1, t4
00000578 - 330fdf01         - add t5, t5, t4
0000057c - 930e2000         - addi t4, x0, 2
00000580 - 33ded301         - srl t3, t2, t4
00000584 - 930e3000         - addi t4, x0, 3
00000588 - b3ffd301         - and t6, t2, t4
0000058c - 63040e02         - beq t3, x0, 40
00000590 - 07800200         - vld v0, 0(t0)
00000594 - 87000300         - vld v1, 0(t1)
00000598 - 57011000         - vadd v2, v0, v1
0000059c - 27002f00         - vst v2, 0(t5)
000005a0 - 93820201         - addi t0, t0, 16
000005a4 - 13030301         - addi t1, t1, 16
000005a8 - 130f0f01         - addi t5, t5, 16
000005ac - 130efeff         - addi t3, t3, -1
000005b0 - 6ff0dffd         - jal x0, -36
000005b4 - 63840f02         - beq t6, x0, 40
000005b8 - 83a50200         - lw a1, 0(t0)
000005bc - 03260300         - lw a2, 0(t1)
000005c0 - b386c500         - add a3, a1, a2
000005c4 - 2320df00         - sw a3, 0(t5)
000005c8 - 93824200         - addi t0, t0, 4
000005cc - 13034300         - addi t1, t1, 4
000005d0 - 130f4f00         - addi t5, t5, 4
000005d4 - 938fffff         - addi t6, t6, -1
000005d8 - 6ff0dffd         - jal x0, -36
000005dc - b7020200         - lui t0, 32
000005e0 - 93828208         - addi t0, t0, 136
000005e4 - 83a20200         - lw t0, 0(t0)
000005e8 - 1301c1ff         - addi sp, sp, -4
000005ec - 23205100         - sw t0, 0(sp)
000005f0 - 03250100         - lw a0, 0(sp)
000005f4 - 13014100         - addi sp, sp, 4
000005f8 - ef004044         - jal ra, 1092
000005fc - 370f0200         - lui t5, 32
00000600 - 130f8f08         - addi t5, t5, 136
00000604 - 032f0f00         - lw t5, 0(t5)
00000608 - 1301c1ff         - addi sp, sp, -4
0000060c - 2320e101         - sw t5, 0(sp)
00000610 - b7020200         - lui t0, 32
00000614 - 93820200         - addi t0, t0, 0
00000618 - 83a20200         - lw t0, 0(t0)
0000061c - 1301c1ff         - addi sp, sp, -4
00000620 - 23205100         - sw t0, 0(sp)
00000624 - 37030200         - lui t1, 32
00000628 - 13034308         - addi t1, t1, 132
0000062c - 03230300         - lw t1, 0(t1)
00000630 - 83220100         - lw t0, 0(sp)
00000634 - 13014100         - addi sp, sp, 4
00000638 - 032f0100         - lw t5, 0(sp)
0000063c - 13014100         - addi sp, sp, 4
00000640 - 83a30200         - lw t2, 0(t0)
00000644 - 032e0300         - lw t3, 0(t1)
00000648 - 638ac301         - beq t2, t3, 20
0000064c - 37050200         - lui a0, 32
00000650 - 1305450f         - addi a0, a0, 244
00000654 - ef000064         - jal ra, 1600
00000658 - 7300f0ff         - halt
0000065c - 832e0f00         - lw t4, 0(t5)
00000660 - 638ad301         - beq t2, t4, 20
00000664 - 37050200         - lui a0, 32
00000668 - 13054514         - addi a0, a0, 324
0000066c - ef008062         - jal ra, 1576
00000670 - 7300f0ff         - halt
00000674 - 13050f00         - addi a0, t5, 0
00000678 - 930e4000         - addi t4, x0, 4
0000067c - b382d201         - add t0, t0, t4
00000680 - 3303d301         - add t1, t1, t4
00000684 - 330fdf01         - add t5, t5, t4
00000688 - 930e2000         - addi t4, x0, 2
0000068c - 33ded301         - srl t3, t2, t4
00000690 - 930e3000         - addi t4, x0, 3
00000694 - b3ffd301         - and t6, t2, t4
00000698 - 63040e02         - beq t3, x0, 40
0000069c - 07800200         - vld v0, 0(t0)
000006a0 - 87000300         - vld v1, 0(t1)
000006a4 - 57011040         - vsub v2, v0, v1
000006a8 - 27002f00         - vst v2, 0(t5)
000006ac - 93820201         - addi t0, t0, 16
000006b0 - 13030301         - addi t1, t1, 16
000006b4 - 130f0f01         - addi t5, t5, 16
000006b8 - 130efeff         - addi t3, t3, -1
000006bc - 6ff0dffd         - jal x0, -36
000006c0 - 63840f02         - beq t6, x0, 40
000006c4 - 83a50200         - lw a1, 0(t0)
000006c8 - 03260300         - lw a2, 0(t1)
000006cc - b386c540         - sub a3, a1, a2
000006d0 - 2320df00         - sw a3, 0(t5)
000006d4 - 93824200         - addi t0, t0, 4
000006d8 - 13034300         - addi t1, t1, 4
000006dc - 130f4f00         - addi t5, t5, 4
000006e0 - 938fffff         - addi t6, t6, -1
000006e4 - 6ff0dffd         - jal x0, -36
000006e8 - b7020200         - lui t0, 32
000006ec - 93828208         - addi t0, t0, 136
000006f0 - 83a20200         - lw t0, 0(t0)
000006f4 - 1301c1ff         - addi sp, sp, -4
000006f8 - 23205100         - sw t0, 0(sp)
000006fc - 03250100         - lw a0, 0(sp)
00000700 - 13014100         - addi sp, sp, 4
00000704 - ef008033         - jal ra, 824
00000708 - 370f0200         - lui t5, 32
0000070c - 130f8f08         - addi t5, t5, 136
00000710 - 032f0f00         - lw t5, 0(t5)
00000714 - 1301c1ff         - addi sp, sp, -4
00000718 - 2320e101         - sw t5, 0(sp)
0000071c - b7020200         - lui t0, 32
00000720 - 93820200         - addi t0, t0, 0
00000724 - 83a20200         - lw t0, 0(t0)
00000728 - 1301c1ff         - addi sp, sp, -4
0000072c - 23205100         - sw t0, 0(sp)
00000730 - 37030200         - lui t1, 32
00000734 - 13034308         - addi t1, t1, 132
00000738 - 03230300         - lw t1, 0(t1)
0000073c - 83220100         - lw t0, 0(sp)
00000740 - 13014100         - addi sp, sp, 4
00000744 - 032f0100         - lw t5, 0(sp)
00000748 - 13014100         - addi sp, sp, 4
0000074c - 83a30200         - lw t2, 0(t0)
00000750 - 032e0300         - lw t3, 0(t1)
00000754 - 638ac301         - beq t2, t3, 20
00000758 - 37050200         - lui a0, 32
0000075c - 1305450f         - addi a0, a0, 244
00000760 - ef004053         - jal ra, 1332
00000764 - 7300f0ff         - halt
00000768 - 832e0f00         - lw t4, 0(t5)
0000076c - 638ad301         - beq t2, t4, 20
00000770 - 37050200         - lui a0, 32
00000774 - 13054514         - addi a0, a0, 324
00000778 - ef00c051         - jal ra, 1308
0000077c - 7300f0ff         - halt
00000780 - 13050f00         - addi a0, t5, 0
00000784 - 930e4000         - addi t4, x0, 4
00000788 - b382d201         - add t0, t0, t4
0000078c - 3303d301         - add t1, t1, t4
00000790 - 330fdf01         - add t5, t5, t4
00000794 - 930e2000         - addi t4, x0, 2
00000798 - 33ded301         - srl t3, t2, t4
0000079c - 930e3000         - addi t4, x0, 3
000007a0 - b3ffd301         - and t6, t2, t4
000007a4 - 63040e02         - beq t3, x0, 40
000007a8 - 07800200         - vld v0, 0(t0)
000007ac - 87000300         - vld v1, 0(t1)
000007b0 - 57111002         - vmul v2, v0, v1
000007b4 - 27002f00         - vst v2, 0(t5)
000007b8 - 93820201         - addi t0, t0, 16
000007bc - 13030301         - addi t1, t1, 16
000007c0 - 130f0f01         - addi t5, t5, 16
000007c4 - 130efeff         - addi t3, t3, -1
000007c8 - 6ff0dffd         - jal x0, -36
000007cc - 63840f02         - beq t6, x0, 40
000007d0 - 83a50200         - lw a1, 0(t0)
000007d4 - 03260300         - lw a2, 0(t1)
000007d8 - b386c502         - mul a3, a1, a2
000007dc - 2320df00         - sw a3, 0(t5)
000007e0 - 93824200         - addi t0, t0, 4
000007e4 - 13034300         - addi t1, t1, 4
000007e8 - 130f4f00         - addi t5, t5, 4
000007ec - 938fffff         - addi t6, t6, -1
000007f0 - 6ff0dffd         - jal x0, -36
000007f4 - b7020200         - lui t0, 32
000007f8 - 93828208         - addi t0, t0, 136
000007fc - 83a20200         - lw t0, 0(t0)
00000800 - 1301c1ff         - addi sp, sp, -4
00000804 - 23205100         - sw t0, 0(sp)
00000808 - 03250100         - lw a0, 0(sp)
0000080c - 13014100         - addi sp, sp, 4
00000810 - ef00c022         - jal ra, 556
00000814 - 370f0200         - lui t5, 32
00000818 - 130f8f08         - addi t5, t5, 136
0000081c - 032f0f00         - lw t5, 0(t5)
00000820 - 1301c1ff         - addi sp, sp, -4
00000824 - 2320e101         - sw t5, 0(sp)
00000828 - b7020200         - lui t0, 32
0000082c - 93820200         - addi t0, t0, 0
00000830 - 83a20200         - lw t0, 0(t0)
00000834 - 1301c1ff         - addi sp, sp, -4
00000838 - 23205100         - sw t0, 0(sp)
0000083c - 37030200         - lui t1, 32
00000840 - 13034308         - addi t1, t1, 132
00000844 - 03230300         - lw t1, 0(t1)
00000848 - 83220100         - lw t0, 0(sp)
0000084c - 13014100         - addi sp, sp, 4
00000850 - 032f0100         - lw t5, 0(sp)
00000854 - 13014100         - addi sp, sp, 4
00000858 - 83a30200         - lw t2, 0(t0)
0000085c - 032e0300         - lw t3, 0(t1)
00000860 - 638ac301         - beq t2, t3, 20
00000864 - 37050200         - lui a0, 32
00000868 - 1305450f         - addi a0, a0, 244
0000086c - ef008042         - jal ra, 1064
00000870 - 7300f0ff         - halt
00000874 - 832e0f00         - lw t4, 0(t5)
00000878 - 638ad301         - beq t2, t4, 20
0000087c - 37050200         - lui a0, 32
00000880 - 13054514         - addi a0, a0, 324
00000884 - ef000041         - jal ra, 1040
00000888 - 7300f0ff         - halt
0000088c - 13050f00         - addi a0, t5, 0
00000890 - 930e4000         - addi t4, x0, 4
00000894 - b382d201         - add t0, t0, t4
00000898 - 3303d301         - add t1, t1, t4
0000089c - 330fdf01         - add t5, t5, t4
000008a0 - 930e2000         - addi t4, x0, 2
000008a4 - 33ded301         - srl t3, t2, t4
000008a8 - 930e3000         - addi t4, x0, 3
000008ac - b3ffd301         - and t6, t2, t4
000008b0 - 63040e02         - beq t3, x0, 40
000008b4 - 07800200         - vld v0, 0(t0)
000008b8 - 87000300         - vld v1, 0(t1)
000008bc - 57411002         - vdiv v2, v0, v1
000008c0 - 27002f00         - vst v2, 0(t5)
000008c4 - 93820201         - addi t0, t0, 16
000008c8 - 13030301         - addi t1, t1, 16
000008cc - 130f0f01         - addi t5, t5, 16
000008d0 - 130efeff         - addi t3, t3, -1
000008d4 - 6ff0dffd         - jal x0, -36
000008d8 - 63840f02         - beq t6, x0, 40
000008dc - 83a50200         - lw a1, 0(t0)
000008e0 - 03260300         - lw a2, 0(t1)
000008e4 - b3c6c502         - div a3, a1, a2
000008e8 - 2320df00         - sw a3, 0(t5)
000008ec - 93824200         - addi t0, t0, 4
000008f0 - 13034300         - addi t1, t1, 4
000008f4 - 130f4f00         - addi t5, t5, 4
000008f8 - 938fffff         - addi t6, t6, -1
000008fc - 6ff0dffd         - jal x0, -36
00000900 - b7020200         - lui t0, 32
00000904 - 93828208         - addi t0, t0, 136
00000908 - 83a20200         - lw t0, 0(t0)
0000090c - 1301c1ff         - addi sp, sp, -4
00000910 - 23205100         - sw t0, 0(sp)
00000914 - 03250100         - lw a0, 0(sp)
00000918 - 13014100         - addi sp, sp, 4
0000091c - ef000012         - jal ra, 288
00000920 - 370f0200         - lui t5, 32
00000924 - 130f8f08         - addi t5, t5, 136
00000928 - 032f0f00         - lw t5, 0(t5)
0000092c - 1301c1ff         - addi sp, sp, -4
00000930 - 2320e101         - sw t5, 0(sp)
00000934 - b7020200         - lui t0, 32
00000938 - 93820200         - addi t0, t0, 0
0000093c - 83a20200         - lw t0, 0(t0)
00000940 - 1301c1ff         - addi sp, sp, -4
00000944 - 23205100         - sw t0, 0(sp)
00000948 - 37030200         - lui t1, 32
0000094c - 13034308         - addi t1, t1, 132
00000950 - 03230300         - lw t1, 0(t1)
00000954 - 83220100         - lw t0, 0(sp)
00000958 - 13014100         - addi sp, sp, 4
0000095c - 032f0100         - lw t5, 0(sp)
00000960 - 13014100         - addi sp, sp, 4
00000964 - 83a30200         - lw t2, 0(t0)
00000968 - 032e0300         - lw t3, 0(t1)
0000096c - 638ac301         - beq t2, t3, 20
00000970 - 37050200         - lui a0, 32
00000974 - 1305450f         - addi a0, a0, 244
00000978 - ef00c031         - jal ra, 796
0000097c - 7300f0ff         - halt
00000980 - 832e0f00         - lw t4, 0(t5)
00000984 - 638ad301         - beq t2, t4, 20
00000988 - 37050200         - lui a0, 32
0000098c - 13054514         - addi a0, a0, 324
00000990 - ef004030         - jal ra, 772
00000994 - 7300f0ff         - halt
00000998 - 13050f00         - addi a0, t5, 0
0000099c - 930e4000         - addi t4, x0, 4
000009a0 - b382d201         - add t0, t0, t4
000009a4 - 3303d301         - add t1, t1, t4
000009a8 - 330fdf01         - add t5, t5, t4
000009ac - 930e2000         - addi t4, x0, 2
000009b0 - 33ded301         - srl t3, t2, t4
000009b4 - 930e3000         - addi t4, x0, 3
000009b8 - b3ffd301         - and t6, t2, t4
000009bc - 63040e02         - beq t3, x0, 40
000009c0 - 07800200         - vld v0, 0(t0)
000009c4 - 87000300         - vld v1, 0(t1)
000009c8 - 57211000         - vcmpeq v2, v0, v1
000009cc - 27002f00         - vst v2, 0(t5)
000009d0 - 93820201         - addi t0, t0, 16
000009d4 - 13030301         - addi t1, t1, 16
000009d8 - 130f0f01         - addi t5, t5, 16
000009dc - 130efeff         - addi t3, t3, -1
000009e0 - 6ff0dffd         - jal x0, -36
000009e4 - 638a0f02         - beq t6, x0, 52
000009e8 - 83a50200         - lw a1, 0(t0)
000009ec - 03260300         - lw a2, 0(t1)
000009f0 - 6386c500         - beq a1, a2, 12
000009f4 - 93060000         - addi a3, x0, 0
000009f8 - 6f008000         - jal x0, 8
000009fc - 93061000         - addi a3, x0, 1
00000a00 - 2320df00         - sw a3, 0(t5)
00000a04 - 93824200         - addi t0, t0, 4
00000a08 - 13034300         - addi t1, t1, 4
00000a0c - 130f4f00         - addi t5, t5, 4
00000a10 - 938fffff         - addi t6, t6, -1
00000a14 - 6ff01ffd         - jal x0, -48
00000a18 - b7020200         - lui t0, 32
00000a1c - 93828208         - addi t0, t0, 136
00000a20 - 83a20200         - lw t0, 0(t0)
00000a24 - 1301c1ff         - addi sp, sp, -4
00000a28 - 23205100         - sw t0, 0(sp)
00000a2c - 03250100         - lw a0, 0(sp)
00000a30 - 13014100         - addi sp, sp, 4
00000a34 - ef008000         - jal ra, 8
00000a38 - 7300f0ff         - halt
00000a3c - 130141ff         - addi sp, sp, -12
00000a40 - 23201100         - sw ra, 0(sp)
00000a44 - 23229100         - sw s1, 4(sp)
00000a48 - 93048100         - addi s1, sp, 8
00000a4c - 23a0a400         - sw a0, 0(s1)
00000a50 - 83a20400         - lw t0, 0(s1)
00000a54 - 1301c1ff         - addi sp, sp, -4
00000a58 - 23205100         - sw t0, 0(sp)
00000a5c - 13030000         - addi t1, x0, 0
00000a60 - 83220100         - lw t0, 0(sp)
00000a64 - 13014100         - addi sp, sp, 4
00000a68 - 635a0300         - bge t1, x0, 20
00000a6c - 37050200         - lui a0, 32
00000a70 - 1305c508         - addi a0, a0, 140
00000a74 - ef000022         - jal ra, 544
00000a78 - 7300f0ff         - halt
00000a7c - 83ae0200         - lw t4, 0(t0)
00000a80 - 634ad301         - blt t1, t4, 20
00000a84 - 37050200         - lui a0, 32
00000a88 - 1305c508         - addi a0, a0, 140
00000a8c - ef008020         - jal ra, 520
00000a90 - 7300f0ff         - halt
00000a94 - 930e2000         - addi t4, x0, 2
00000a98 - b313d301         - sll t2, t1, t4
00000a9c - 93834300         - addi t2, t2, 4
00000aa0 - b3837200         - add t2, t0, t2
00000aa4 - 03a50300         - lw a0, 0(t2)
00000aa8 - ef00c015         - jal ra, 348
00000aac - 37050200         - lui a0, 32
00000ab0 - 1305451c         - addi a0, a0, 452
00000ab4 - ef00001e         - jal ra, 480
00000ab8 - 83a20400         - lw t0, 0(s1)
00000abc - 1301c1ff         - addi sp, sp, -4
00000ac0 - 23205100         - sw t0, 0(sp)
00000ac4 - 13031000         - addi t1, x0, 1
00000ac8 - 83220100         - lw t0, 0(sp)
00000acc - 13014100         - addi sp, sp, 4
00000ad0 - 635a0300         - bge t1, x0, 20
00000ad4 - 37050200         - lui a0, 32
00000ad8 - 1305c508         - addi a0, a0, 140
00000adc - ef00801b         - jal ra, 440
00000ae0 - 7300f0ff         - halt
00000ae4 - 83ae0200         - lw t4, 0(t0)
00000ae8 - 634ad301         - blt t1, t4, 20
00000aec - 37050200         - lui a0, 32
00000af0 - 1305c508         - addi a0, a0, 140
00000af4 - ef00001a         - jal ra, 416
00000af8 - 7300f0ff         - halt
00000afc - 930e2000         - addi t4, x0, 2
00000b00 - b313d301         - sll t2, t1, t4
00000b04 - 93834300         - addi t2, t2, 4
00000b08 - b3837200         - add t2, t0, t2
00000b0c - 03a50300         - lw a0, 0(t2)
00000b10 - ef00400f         - jal ra, 244
00000b14 - 37050200         - lui a0, 32
00000b18 - 1305451c         - addi a0, a0, 452
00000b1c - ef008017         - jal ra, 376
00000b20 - 83a20400         - lw t0, 0(s1)
00000b24 - 1301c1ff         - addi sp, sp, -4
00000b28 - 23205100         - sw t0, 0(sp)
00000b2c - 13032000         - addi t1, x0, 2
00000b30 - 83220100         - lw t0, 0(sp)
00000b34 - 13014100         - addi sp, sp, 4
00000b38 - 635a0300         - bge t1, x0, 20
00000b3c - 37050200         - lui a0, 32
00000b40 - 1305c508         - addi a0, a0, 140
00000b44 - ef000015         - jal ra, 336
00000b48 - 7300f0ff         - halt
00000b4c - 83ae0200         - lw t4, 0(t0)
00000b50 - 634ad301         - blt t1, t4, 20
00000b54 - 37050200         - lui a0, 32
00000b58 - 1305c508         - addi a0, a0, 140
00000b5c - ef008013         - jal ra, 312
00000b60 - 7300f0ff         - halt
00000b64 - 930e2000         - addi t4, x0, 2
00000b68 - b313d301         - sll t2, t1, t4
00000b6c - 93834300         - addi t2, t2, 4
00000b70 - b3837200         - add t2, t0, t2
00000b74 - 03a50300         - lw a0, 0(t2)
00000b78 - ef00c008         - jal ra, 140
00000b7c - 37050200         - lui a0, 32
00000b80 - 1305451c         - addi a0, a0, 452
00000b84 - ef000011         - jal ra, 272
00000b88 - 83a20400         - lw t0, 0(s1)
00000b8c - 1301c1ff         - addi sp, sp, -4
00000b90 - 23205100         - sw t0, 0(sp)
00000b94 - 13033000         - addi t1, x0, 3
00000b98 - 83220100         - lw t0, 0(sp)
00000b9c - 13014100         - addi sp, sp, 4
00000ba0 - 635a0300         - bge t1, x0, 20
00000ba4 - 37050200         - lui a0, 32
00000ba8 - 1305c508         - addi a0, a0, 140
00000bac - ef00800e         - jal ra, 232
00000bb0 - 7300f0ff         - halt
00000bb4 - 83ae0200         - lw t4, 0(t0)
00000bb8 - 634ad301         - blt t1, t4, 20
00000bbc - 37050200         - lui a0, 32
00000bc0 - 1305c508         - addi a0, a0, 140
00000bc4 - ef00000d         - jal ra, 208
00000bc8 - 7300f0ff         - halt
00000bcc - 930e2000         - addi t4, x0, 2
00000bd0 - b313d301         - sll t2, t1, t4
00000bd4 - 93834300         - addi t2, t2, 4
00000bd8 - b3837200         - add t2, t0, t2
00000bdc - 03a50300         - lw a0, 0(t2)
00000be0 - ef004002         - jal ra, 36
00000be4 - 37050200         - lui a0, 32
00000be8 - 1305c51c         - addi a0, a0, 460
00000bec - ef00800a         - jal ra, 168
00000bf0 - 83a084ff         - lw ra, -8(s1)
00000bf4 - 83a2c4ff         - lw t0, -4(s1)
00000bf8 - 13814400         - addi sp, s1, 4
00000bfc - 93840200         - addi s1, t0, 0
00000c00 - 67800000         - jalr x0, 0(ra)
00000c04 - 1301c1ff         - addi sp, sp, -4
00000c08 - 2320a100         - sw a0, 0(sp)
00000c0c - 63440500         - blt a0, x0, 8
00000c10 - 6f008001         - jal x0, 24
00000c14 - 370fff00         - lui t5, 4080
00000c18 - 130f8f00         - addi t5, t5, 8
00000c1c - 930fd002         - addi t6, x0, 45
00000c20 - 2320ff01         - sw t6, 0(t5)
00000c24 - 3305a040         - sub a0, x0, a0
00000c28 - 63080504         - beq a0, x0, 80
00000c2c - 13030000         - addi t1, x0, 0
00000c30 - 9303a000         - addi t2, x0, 10
00000c34 - 334e7502         - div t3, a0, t2
00000c38 - b36e7502         - rem t4, a0, t2
00000c3c - 1301c1ff         - addi sp, sp, -4
00000c40 - 2320d101         - sw t4, 0(sp)
00000c44 - 13031300         - addi t1, t1, 1
00000c48 - 13050e00         - addi a0, t3, 0
00000c4c - e31405fe         - bne a0, x0, -24
00000c50 - 370fff00         - lui t5, 4080
00000c54 - 130f8f00         - addi t5, t5, 8
00000c58 - 930f0003         - addi t6, x0, 48
00000c5c - 03250100         - lw a0, 0(sp)
00000c60 - 13014100         - addi sp, sp, 4
00000c64 - 3305f501         - add a0, a0, t6
00000c68 - 2320af00         - sw a0, 0(t5)
00000c6c - 1303f3ff         - addi t1, t1, -1
00000c70 - e31603fe         - bne t1, x0, -20
00000c74 - 6f004001         - jal x0, 20
00000c78 - 370fff00         - lui t5, 4080
00000c7c - 130f8f00         - addi t5, t5, 8
00000c80 - 13050003         - addi a0, x0, 48
00000c84 - 2320af00         - sw a0, 0(t5)
00000c88 - 03250100         - lw a0, 0(sp)
00000c8c - 13014100         - addi sp, sp, 4
00000c90 - 67800000         - jalr x0, 0(ra)
00000c94 - 1301c1ff         - addi sp, sp, -4
00000c98 - 2320a100         - sw a0, 0(sp)
00000c9c - 83220500         - lw t0, 0(a0)
00000ca0 - 13034500         - addi t1, a0, 4
00000ca4 - 370fff00         - lui t5, 4080
00000ca8 - 130f8f00         - addi t5, t5, 8
00000cac - 638c0200         - beq t0, x0, 24
00000cb0 - 832f0300         - lw t6, 0(t1)
00000cb4 - 2320ff01         - sw t6, 0(t5)
00000cb8 - 13034300         - addi t1, t1, 4
00000cbc - 9382f2ff         - addi t0, t0, -1
00000cc0 - 6ff0dffe         - jal x0, -20
00000cc4 - 03250100         - lw a0, 0(sp)
00000cc8 - 13014100         - addi sp, sp, 4
00000ccc - 67800000         - jalr x0, 0(ra)
00000cd0 - 130141fe         - addi sp, sp, -28
00000cd4 - 23205100         - sw t0, 0(sp)
00000cd8 - 23226100         - sw t1, 4(sp)
00000cdc - 23247100         - sw t2, 8(sp)
00000ce0 - 2326c101         - sw t3, 12(sp)
00000ce4 - 2328d101         - sw t4, 16(sp)
00000ce8 - 232ae101         - sw t5, 20(sp)
00000cec - 232cf101         - sw t6, 24(sp)
00000cf0 - b70fff00         - lui t6, 4080
00000cf4 - 938f0f00         - addi t6, t6, 0
00000cf8 - 83a24f00         - lw t0, 4(t6)
00000cfc - 130f1000         - addi t5, x0, 1
00000d00 - 23a8ef01         - sw t5, 16(t6)
00000d04 - 370e0200         - lui t3, 32
00000d08 - 130e8e1d         - addi t3, t3, 472
00000d0c - 832e0e00         - lw t4, 0(t3)
00000d10 - 83234e00         - lw t2, 4(t3)
00000d14 - 13831300         - addi t1, t2, 1
00000d18 - 130ff000         - addi t5, x0, 15
00000d1c - 3373e301         - and t1, t1, t5
00000d20 - 630ed301         - beq t1, t4, 28
00000d24 - 930f2000         - addi t6, x0, 2
00000d28 - 339ff301         - sll t5, t2, t6
00000d2c - 930f8e00         - addi t6, t3, 8
00000d30 - b38fef01         - add t6, t6, t5
00000d34 - 23a05f00         - sw t0, 0(t6)
00000d38 - 23226e00         - sw t1, 4(t3)
00000d3c - 83220100         - lw t0, 0(sp)
00000d40 - 03234100         - lw t1, 4(sp)
00000d44 - 83238100         - lw t2, 8(sp)
00000d48 - 032ec100         - lw t3, 12(sp)
00000d4c - 832e0101         - lw t4, 16(sp)
00000d50 - 032f4101         - lw t5, 20(sp)
00000d54 - 832f8101         - lw t6, 24(sp)
00000d58 - 1301c101         - addi sp, sp, 28
00000d5c - 73002030         - mret

[.rodata @ 0x00010000]

[.data @ 0x00020000]
00020000 - 00000000         - .word 0x00000000
00020004 - 1f00000061000000720000007200000061000000790000002000000073000000690000007a00000065000000200000006d000000750000007300000074000000200000006200000065000000200000006e0000006f0000006e0000002d0000006e00000065000000670000006100000074000000690000007600000065000000 - .pstr "array size must be non-negative"
00020084 - 00000000         - .word 0x00000000
00020088 - 00000000         - .word 0x00000000
0002008c - 19000000610000007200000072000000610000007900000020000000690000006e000000640000006500000078000000200000006f0000007500000074000000200000006f0000006600000020000000620000006f000000750000006e0000006400000073000000 - .pstr "array index out of bounds"
000200f4 - 1300000061000000720000007200000061000000790000002000000073000000690000007a00000065000000200000006d00000069000000730000006d00000061000000740000006300000068000000 - .pstr "array size mismatch"
00020144 - 1f00000061000000720000007200000061000000790000002000000064000000650000007300000074000000690000006e0000006100000074000000690000006f0000006e0000002000000073000000690000007a00000065000000200000006d00000069000000730000006d00000061000000740000006300000068000000 - .pstr "array destination size mismatch"
000201c4 - 0100000020000000 - .pstr " "
000201cc - 010000000a000000 - .pstr "
"
000201d4 - 00000300         - .word 0x00030000
000201d8 - 00000000         - .word 0x00000000
000201dc - 00000000         - .word 0x00000000
000201e0 - 00000000         - .word 0x00000000
000201e4 - 00000000         - .word 0x00000000
000201e8 - 00000000         - .word 0x00000000
000201ec - 00000000         - .word 0x00000000
000201f0 - 00000000         - .word 0x00000000
000201f4 - 00000000         - .word 0x00000000
000201f8 - 00000000         - .word 0x00000000
000201fc - 00000000         - .word 0x00000000
00020200 - 00000000         - .word 0x00000000
00020204 - 00000000         - .word 0x00000000
00020208 - 00000000         - .word 0x00000000
0002020c - 00000000         - .word 0x00000000
00020210 - 00000000         - .word 0x00000000
00020214 - 00000000         - .word 0x00000000
00020218 - 00000000         - .word 0x00000000
0002021c - 00000000         - .word 0x00000000
