entry = 0x00000004

[symbols]
__array_zero_done_1  0x00000058
__array_zero_loop_0  0x00000044
__cmp_end_11         0x00000284
__cmp_end_16         0x00000324
__cmp_end_21         0x000003bc
__cmp_end_6          0x000001fc
__cmp_false_10       0x00000280
__cmp_false_15       0x00000320
__cmp_false_20       0x000003b8
__cmp_false_5        0x000001f8
__cmp_true_14        0x00000318
__cmp_true_19        0x000003b0
__cmp_true_4         0x000001f0
__cmp_true_9         0x00000278
__default_input_handler 0x00000704
__default_input_handler_done 0x00000770
__g_best_3           0x0001000c
__g_codes_0          0x00010000
__g_i_2              0x00010008
__g_j_4              0x00010010
__g_n_1              0x00010004
__if_else_12         0x00000344
__if_else_17         0x000004e4
__if_end_13          0x00000348
__if_end_18          0x000004e8
__loop_begin_2       0x000001c0
__loop_begin_7       0x00000248
__loop_exit_3        0x0000051c
__loop_exit_8        0x0000037c
__rt_heap_ptr        0x00010024
__rt_input_buf_data  0x00010030
__rt_input_buf_head  0x00010028
__rt_input_buf_tail  0x0001002c
__rt_print_int       0x00000638
__rt_print_int_after_sign 0x0000065c
__rt_print_int_digit_loop 0x00000668
__rt_print_int_done  0x000006bc
__rt_print_int_negative 0x00000648
__rt_print_int_output_loop 0x00000690
__rt_print_int_zero  0x000006ac
__rt_print_pstr      0x000006c8
__rt_print_pstr_done 0x000006f8
__rt_print_pstr_loop 0x000006e0
__str_0              0x00010014
__str_1              0x0001001c
__trap_vector_table  0x00000000
_start               0x00000004

[.text @ 0x00000000]
00000000 - 04070000         - .word __default_input_handler
00000004 - 130141ff         - addi sp, sp, -12
00000008 - 23201100         - sw ra, 0(sp)
0000000c - 23229100         - sw s1, 4(sp)
00000010 - 93048100         - addi s1, sp, 8
00000014 - 93024000         - addi t0, x0, 4
00000018 - b70f0100         - lui t6, 16
0000001c - 938f4f02         - addi t6, t6, 36
00000020 - 03a50f00         - lw a0, 0(t6)
00000024 - 23205500         - sw t0, 0(a0)
00000028 - 930e2000         - addi t4, x0, 2
0000002c - 339ed201         - sll t3, t0, t4
00000030 - 130e4e00         - addi t3, t3, 4
00000034 - 330fc501         - add t5, a0, t3
00000038 - 23a0ef01         - sw t5, 0(t6)
0000003c - 13034500         - addi t1, a0, 4
00000040 - 93030000         - addi t2, x0, 0
00000044 - 638a5300         - beq t2, t0, 20
00000048 - 23200300         - sw x0, 0(t1)
0000004c - 13034300         - addi t1, t1, 4
00000050 - 93831300         - addi t2, t2, 1
00000054 - 6ff01fff         - jal x0, -16
00000058 - b70f0100         - lui t6, 16
0000005c - 938f0f00         - addi t6, t6, 0
00000060 - 23a0af00         - sw a0, 0(t6)
00000064 - b7020100         - lui t0, 16
00000068 - 93820200         - addi t0, t0, 0
0000006c - 83a20200         - lw t0, 0(t0)
00000070 - 1301c1ff         - addi sp, sp, -4
00000074 - 23205100         - sw t0, 0(sp)
00000078 - 13030000         - addi t1, x0, 0
0000007c - 1301c1ff         - addi sp, sp, -4
00000080 - 23206100         - sw t1, 0(sp)
00000084 - 93034006         - addi t2, x0, 100
00000088 - 03230100         - lw t1, 0(sp)
0000008c - 13014100         - addi sp, sp, 4
00000090 - 83220100         - lw t0, 0(sp)
00000094 - 13014100         - addi sp, sp, 4
00000098 - 930e2000         - addi t4, x0, 2
0000009c - 331ed301         - sll t3, t1, t4
000000a0 - 130e4e00         - addi t3, t3, 4
000000a4 - 338ec201         - add t3, t0, t3
000000a8 - 23207e00         - sw t2, 0(t3)
000000ac - 13850300         - addi a0, t2, 0
000000b0 - b7020100         - lui t0, 16
000000b4 - 93820200         - addi t0, t0, 0
000000b8 - 83a20200         - lw t0, 0(t0)
000000bc - 1301c1ff         - addi sp, sp, -4
000000c0 - 23205100         - sw t0, 0(sp)
000000c4 - 13031000         - addi t1, x0, 1
000000c8 - 1301c1ff         - addi sp, sp, -4
000000cc - 23206100         - sw t1, 0(sp)
000000d0 - 93032006         - addi t2, x0, 98
000000d4 - 03230100         - lw t1, 0(sp)
000000d8 - 13014100         - addi sp, sp, 4
000000dc - 83220100         - lw t0, 0(sp)
000000e0 - 13014100         - addi sp, sp, 4
000000e4 - 930e2000         - addi t4, x0, 2
000000e8 - 331ed301         - sll t3, t1, t4
000000ec - 130e4e00         - addi t3, t3, 4
000000f0 - 338ec201         - add t3, t0, t3
000000f4 - 23207e00         - sw t2, 0(t3)
000000f8 - 13850300         - addi a0, t2, 0
000000fc - b7020100         - lui t0, 16
00000100 - 93820200         - addi t0, t0, 0
00000104 - 83a20200         - lw t0, 0(t0)
00000108 - 1301c1ff         - addi sp, sp, -4
0000010c - 23205100         - sw t0, 0(sp)
00000110 - 13032000         - addi t1, x0, 2
00000114 - 1301c1ff         - addi sp, sp, -4
00000118 - 23206100         - sw t1, 0(sp)
0000011c - 93033006         - addi t2, x0, 99
00000120 - 03230100         - lw t1, 0(sp)
00000124 - 13014100         - addi sp, sp, 4
00000128 - 83220100         - lw t0, 0(sp)
0000012c - 13014100         - addi sp, sp, 4
00000130 - 930e2000         - addi t4, x0, 2
00000134 - 331ed301         - sll t3, t1, t4
00000138 - 130e4e00         - addi t3, t3, 4
0000013c - 338ec201         - add t3, t0, t3
00000140 - 23207e00         - sw t2, 0(t3)
00000144 - 13850300         - addi a0, t2, 0
00000148 - b7020100         - lui t0, 16
0000014c - 93820200         - addi t0, t0, 0
00000150 - 83a20200         - lw t0, 0(t0)
00000154 - 1301c1ff         - addi sp, sp, -4
00000158 - 23205100         - sw t0, 0(sp)
0000015c - 13033000         - addi t1, x0, 3
00000160 - 1301c1ff         - addi sp, sp, -4
00000164 - 23206100         - sw t1, 0(sp)
00000168 - 93031006         - addi t2, x0, 97
0000016c - 03230100         - lw t1, 0(sp)
00000170 - 13014100         - addi sp, sp, 4
00000174 - 83220100         - lw t0, 0(sp)
00000178 - 13014100         - addi sp, sp, 4
0000017c - 930e2000         - addi t4, x0, 2
00000180 - 331ed301         - sll t3, t1, t4
00000184 - 130e4e00         - addi t3, t3, 4
00000188 - 338ec201         - add t3, t0, t3
0000018c - 23207e00         - sw t2, 0(t3)
00000190 - 13850300         - addi a0, t2, 0
00000194 - 37050100         - lui a0, 16
00000198 - 13050500         - addi a0, a0, 0
0000019c - 03250500         - lw a0, 0(a0)
000001a0 - 03250500         - lw a0, 0(a0)
000001a4 - b70f0100         - lui t6, 16
000001a8 - 938f4f00         - addi t6, t6, 4
000001ac - 23a0af00         - sw a0, 0(t6)
000001b0 - 13050000         - addi a0, x0, 0
000001b4 - b70f0100         - lui t6, 16
000001b8 - 938f8f00         - addi t6, t6, 8
000001bc - 23a0af00         - sw a0, 0(t6)
000001c0 - b7020100         - lui t0, 16
000001c4 - 93828200         - addi t0, t0, 8
000001c8 - 83a20200         - lw t0, 0(t0)
000001cc - 1301c1ff         - addi sp, sp, -4
000001d0 - 23205100         - sw t0, 0(sp)
000001d4 - 37030100         - lui t1, 16
000001d8 - 13034300         - addi t1, t1, 4
000001dc - 03230300         - lw t1, 0(t1)
000001e0 - 83220100         - lw t0, 0(sp)
000001e4 - 13014100         - addi sp, sp, 4
000001e8 - 63c46200         - blt t0, t1, 8
000001ec - 6f00c000         - jal x0, 12
000001f0 - 13051000         - addi a0, x0, 1
000001f4 - 6f008000         - jal x0, 8
000001f8 - 13050000         - addi a0, x0, 0
000001fc - 63000532         - beq a0, x0, 800
00000200 - 37050100         - lui a0, 16
00000204 - 13058500         - addi a0, a0, 8
00000208 - 03250500         - lw a0, 0(a0)
0000020c - b70f0100         - lui t6, 16
00000210 - 938fcf00         - addi t6, t6, 12
00000214 - 23a0af00         - sw a0, 0(t6)
00000218 - 37050100         - lui a0, 16
0000021c - 13058500         - addi a0, a0, 8
00000220 - 03250500         - lw a0, 0(a0)
00000224 - 1301c1ff         - addi sp, sp, -4
00000228 - 2320a100         - sw a0, 0(sp)
0000022c - 13031000         - addi t1, x0, 1
00000230 - 83220100         - lw t0, 0(sp)
00000234 - 13014100         - addi sp, sp, 4
00000238 - 33856200         - add a0, t0, t1
0000023c - b70f0100         - lui t6, 16
00000240 - 938f0f01         - addi t6, t6, 16
00000244 - 23a0af00         - sw a0, 0(t6)
00000248 - b7020100         - lui t0, 16
0000024c - 93820201         - addi t0, t0, 16
00000250 - 83a20200         - lw t0, 0(t0)
00000254 - 1301c1ff         - addi sp, sp, -4
00000258 - 23205100         - sw t0, 0(sp)
0000025c - 37030100         - lui t1, 16
00000260 - 13034300         - addi t1, t1, 4
00000264 - 03230300         - lw t1, 0(t1)
00000268 - 83220100         - lw t0, 0(sp)
0000026c - 13014100         - addi sp, sp, 4
00000270 - 63c46200         - blt t0, t1, 8
00000274 - 6f00c000         - jal x0, 12
00000278 - 13051000         - addi a0, x0, 1
0000027c - 6f008000         - jal x0, 8
00000280 - 13050000         - addi a0, x0, 0
00000284 - 630c050e         - beq a0, x0, 248
00000288 - b7020100         - lui t0, 16
0000028c - 93820200         - addi t0, t0, 0
00000290 - 83a20200         - lw t0, 0(t0)
00000294 - 1301c1ff         - addi sp, sp, -4
00000298 - 23205100         - sw t0, 0(sp)
0000029c - 37030100         - lui t1, 16
000002a0 - 13030301         - addi t1, t1, 16
000002a4 - 03230300         - lw t1, 0(t1)
000002a8 - 83220100         - lw t0, 0(sp)
000002ac - 13014100         - addi sp, sp, 4
000002b0 - 930e2000         - addi t4, x0, 2
000002b4 - b313d301         - sll t2, t1, t4
000002b8 - 93834300         - addi t2, t2, 4
000002bc - b3837200         - add t2, t0, t2
000002c0 - 83a20300         - lw t0, 0(t2)
000002c4 - 1301c1ff         - addi sp, sp, -4
000002c8 - 23205100         - sw t0, 0(sp)
000002cc - b7020100         - lui t0, 16
000002d0 - 93820200         - addi t0, t0, 0
000002d4 - 83a20200         - lw t0, 0(t0)
000002d8 - 1301c1ff         - addi sp, sp, -4
000002dc - 23205100         - sw t0, 0(sp)
000002e0 - 37030100         - lui t1, 16
000002e4 - 1303c300         - addi t1, t1, 12
000002e8 - 03230300         - lw t1, 0(t1)
000002ec - 83220100         - lw t0, 0(sp)
000002f0 - 13014100         - addi sp, sp, 4
000002f4 - 930e2000         - addi t4, x0, 2
000002f8 - b313d301         - sll t2, t1, t4
000002fc - 93834300         - addi t2, t2, 4
00000300 - b3837200         - add t2, t0, t2
00000304 - 03a30300         - lw t1, 0(t2)
00000308 - 83220100         - lw t0, 0(sp)
0000030c - 13014100         - addi sp, sp, 4
00000310 - 63c46200         - blt t0, t1, 8
00000314 - 6f00c000         - jal x0, 12
00000318 - 13051000         - addi a0, x0, 1
0000031c - 6f008000         - jal x0, 8
00000320 - 13050000         - addi a0, x0, 0
00000324 - 63000502         - beq a0, x0, 32
00000328 - 37050100         - lui a0, 16
0000032c - 13050501         - addi a0, a0, 16
00000330 - 03250500         - lw a0, 0(a0)
00000334 - b70f0100         - lui t6, 16
00000338 - 938fcf00         - addi t6, t6, 12
0000033c - 23a0af00         - sw a0, 0(t6)
00000340 - 6f008000         - jal x0, 8
00000344 - 13050000         - addi a0, x0, 0
00000348 - 37050100         - lui a0, 16
0000034c - 13050501         - addi a0, a0, 16
00000350 - 03250500         - lw a0, 0(a0)
00000354 - 1301c1ff         - addi sp, sp, -4
00000358 - 2320a100         - sw a0, 0(sp)
0000035c - 13031000         - addi t1, x0, 1
00000360 - 83220100         - lw t0, 0(sp)
00000364 - 13014100         - addi sp, sp, 4
00000368 - 33856200         - add a0, t0, t1
0000036c - b70f0100         - lui t6, 16
00000370 - 938f0f01         - addi t6, t6, 16
00000374 - 23a0af00         - sw a0, 0(t6)
00000378 - 6ff01fed         - jal x0, -304
0000037c - 13050000         - addi a0, x0, 0
00000380 - b7020100         - lui t0, 16
00000384 - 9382c200         - addi t0, t0, 12
00000388 - 83a20200         - lw t0, 0(t0)
0000038c - 1301c1ff         - addi sp, sp, -4
00000390 - 23205100         - sw t0, 0(sp)
00000394 - 37030100         - lui t1, 16
00000398 - 13038300         - addi t1, t1, 8
0000039c - 03230300         - lw t1, 0(t1)
000003a0 - 83220100         - lw t0, 0(sp)
000003a4 - 13014100         - addi sp, sp, 4
000003a8 - 63946200         - bne t0, t1, 8
000003ac - 6f00c000         - jal x0, 12
000003b0 - 13051000         - addi a0, x0, 1
000003b4 - 6f008000         - jal x0, 8
000003b8 - 13050000         - addi a0, x0, 0
000003bc - 63040512         - beq a0, x0, 296
000003c0 - b7020100         - lui t0, 16
000003c4 - 93820200         - addi t0, t0, 0
000003c8 - 83a20200         - lw t0, 0(t0)
000003cc - 1301c1ff         - addi sp, sp, -4
000003d0 - 23205100         - sw t0, 0(sp)
000003d4 - 37030100         - lui t1, 16
000003d8 - 13038300         - addi t1, t1, 8
000003dc - 03230300         - lw t1, 0(t1)
000003e0 - 83220100         - lw t0, 0(sp)
000003e4 - 13014100         - addi sp, sp, 4
000003e8 - 930e2000         - addi t4, x0, 2
000003ec - b313d301         - sll t2, t1, t4
000003f0 - 93834300         - addi t2, t2, 4
000003f4 - b3837200         - add t2, t0, t2
000003f8 - 03a50300         - lw a0, 0(t2)
000003fc - 23a0a400         - sw a0, 0(s1)
00000400 - b7020100         - lui t0, 16
00000404 - 93820200         - addi t0, t0, 0
00000408 - 83a20200         - lw t0, 0(t0)
0000040c - 1301c1ff         - addi sp, sp, -4
00000410 - 23205100         - sw t0, 0(sp)
00000414 - 37030100         - lui t1, 16
00000418 - 13038300         - addi t1, t1, 8
0000041c - 03230300         - lw t1, 0(t1)
00000420 - 1301c1ff         - addi sp, sp, -4
00000424 - 23206100         - sw t1, 0(sp)
00000428 - b7020100         - lui t0, 16
0000042c - 93820200         - addi t0, t0, 0
00000430 - 83a20200         - lw t0, 0(t0)
00000434 - 1301c1ff         - addi sp, sp, -4
00000438 - 23205100         - sw t0, 0(sp)
0000043c - 37030100         - lui t1, 16
00000440 - 1303c300         - addi t1, t1, 12
00000444 - 03230300         - lw t1, 0(t1)
00000448 - 83220100         - lw t0, 0(sp)
0000044c - 13014100         - addi sp, sp, 4
00000450 - 930e2000         - addi t4, x0, 2
00000454 - b313d301         - sll t2, t1, t4
00000458 - 93834300         - addi t2, t2, 4
0000045c - b3837200         - add t2, t0, t2
00000460 - 83a30300         - lw t2, 0(t2)
00000464 - 03230100         - lw t1, 0(sp)
00000468 - 13014100         - addi sp, sp, 4
0000046c - 83220100         - lw t0, 0(sp)
00000470 - 13014100         - addi sp, sp, 4
00000474 - 930e2000         - addi t4, x0, 2
00000478 - 331ed301         - sll t3, t1, t4
0000047c - 130e4e00         - addi t3, t3, 4
00000480 - 338ec201         - add t3, t0, t3
00000484 - 23207e00         - sw t2, 0(t3)
00000488 - 13850300         - addi a0, t2, 0
0000048c - b7020100         - lui t0, 16
00000490 - 93820200         - addi t0, t0, 0
00000494 - 83a20200         - lw t0, 0(t0)
00000498 - 1301c1ff         - addi sp, sp, -4
0000049c - 23205100         - sw t0, 0(sp)
000004a0 - 37030100         - lui t1, 16
000004a4 - 1303c300         - addi t1, t1, 12
000004a8 - 03230300         - lw t1, 0(t1)
000004ac - 1301c1ff         - addi sp, sp, -4
000004b0 - 23206100         - sw t1, 0(sp)
000004b4 - 83a30400         - lw t2, 0(s1)
000004b8 - 03230100         - lw t1, 0(sp)
000004bc - 13014100         - addi sp, sp, 4
000004c0 - 83220100         - lw t0, 0(sp)
000004c4 - 13014100         - addi sp, sp, 4
000004c8 - 930e2000         - addi t4, x0, 2
000004cc - 331ed301         - sll t3, t1, t4
000004d0 - 130e4e00         - addi t3, t3, 4
000004d4 - 338ec201         - add t3, t0, t3
000004d8 - 23207e00         - sw t2, 0(t3)
000004dc - 13850300         - addi a0, t2, 0
000004e0 - 6f008000         - jal x0, 8
000004e4 - 13050000         - addi a0, x0, 0
000004e8 - 37050100         - lui a0, 16
000004ec - 13058500         - addi a0, a0, 8
000004f0 - 03250500         - lw a0, 0(a0)
000004f4 - 1301c1ff         - addi sp, sp, -4
000004f8 - 2320a100         - sw a0, 0(sp)
000004fc - 13031000         - addi t1, x0, 1
00000500 - 83220100         - lw t0, 0(sp)
00000504 - 13014100         - addi sp, sp, 4
00000508 - 33856200         - add a0, t0, t1
0000050c - b70f0100         - lui t6, 16
00000510 - 938f8f00         - addi t6, t6, 8
00000514 - 23a0af00         - sw a0, 0(t6)
00000518 - 6ff09fca         - jal x0, -856
0000051c - 13050000         - addi a0, x0, 0
00000520 - b7020100         - lui t0, 16
00000524 - 93820200         - addi t0, t0, 0
00000528 - 83a20200         - lw t0, 0(t0)
0000052c - 1301c1ff         - addi sp, sp, -4
00000530 - 23205100         - sw t0, 0(sp)
00000534 - 13030000         - addi t1, x0, 0
00000538 - 83220100         - lw t0, 0(sp)
0000053c - 13014100         - addi sp, sp, 4
00000540 - 930e2000         - addi t4, x0, 2
00000544 - b313d301         - sll t2, t1, t4
00000548 - 93834300         - addi t2, t2, 4
0000054c - b3837200         - add t2, t0, t2
00000550 - 03a50300         - lw a0, 0(t2)
00000554 - ef00400e         - jal ra, 228
00000558 - 37050100         - lui a0, 16
0000055c - 13054501         - addi a0, a0, 20
00000560 - ef008016         - jal ra, 360
00000564 - b7020100         - lui t0, 16
00000568 - 93820200         - addi t0, t0, 0
0000056c - 83a20200         - lw t0, 0(t0)
00000570 - 1301c1ff         - addi sp, sp, -4
00000574 - 23205100         - sw t0, 0(sp)
00000578 - 13031000         - addi t1, x0, 1
0000057c - 83220100         - lw t0, 0(sp)
00000580 - 13014100         - addi sp, sp, 4
00000584 - 930e2000         - addi t4, x0, 2
00000588 - b313d301         - sll t2, t1, t4
0000058c - 93834300         - addi t2, t2, 4
00000590 - b3837200         - add t2, t0, t2
00000594 - 03a50300         - lw a0, 0(t2)
00000598 - ef00000a         - jal ra, 160
0000059c - 37050100         - lui a0, 16
000005a0 - 13054501         - addi a0, a0, 20
000005a4 - ef004012         - jal ra, 292
000005a8 - b7020100         - lui t0, 16
000005ac - 93820200         - addi t0, t0, 0
000005b0 - 83a20200         - lw t0, 0(t0)
000005b4 - 1301c1ff         - addi sp, sp, -4
000005b8 - 23205100         - sw t0, 0(sp)
000005bc - 13032000         - addi t1, x0, 2
000005c0 - 83220100         - lw t0, 0(sp)
000005c4 - 13014100         - addi sp, sp, 4
000005c8 - 930e2000         - addi t4, x0, 2
000005cc - b313d301         - sll t2, t1, t4
000005d0 - 93834300         - addi t2, t2, 4
000005d4 - b3837200         - add t2, t0, t2
000005d8 - 03a50300         - lw a0, 0(t2)
000005dc - ef00c005         - jal ra, 92
000005e0 - 37050100         - lui a0, 16
000005e4 - 13054501         - addi a0, a0, 20
000005e8 - ef00000e         - jal ra, 224
000005ec - b7020100         - lui t0, 16
000005f0 - 93820200         - addi t0, t0, 0
000005f4 - 83a20200         - lw t0, 0(t0)
000005f8 - 1301c1ff         - addi sp, sp, -4
000005fc - 23205100         - sw t0, 0(sp)
00000600 - 13033000         - addi t1, x0, 3
00000604 - 83220100         - lw t0, 0(sp)
00000608 - 13014100         - addi sp, sp, 4
0000060c - 930e2000         - addi t4, x0, 2
00000610 - b313d301         - sll t2, t1, t4
00000614 - 93834300         - addi t2, t2, 4
00000618 - b3837200         - add t2, t0, t2
0000061c - 03a50300         - lw a0, 0(t2)
00000620 - ef008001         - jal ra, 24
00000624 - 37050100         - lui a0, 16
00000628 - 1305c501         - addi a0, a0, 28
0000062c - ef00c009         - jal ra, 156
00000630 - 7300f0ff         - halt
00000634 - 7300f0ff         - halt
00000638 - 1301c1ff         - addi sp, sp, -4
0000063c - 2320a100         - sw a0, 0(sp)
00000640 - 63440500         - blt a0, x0, 8
00000644 - 6f008001         - jal x0, 24
00000648 - 370fff00         - lui t5, 4080
0000064c - 130f8f00         - addi t5, t5, 8
00000650 - 930fd002         - addi t6, x0, 45
00000654 - 2320ff01         - sw t6, 0(t5)
00000658 - 3305a040         - sub a0, x0, a0
0000065c - 63080504         - beq a0, x0, 80
00000660 - 13030000         - addi t1, x0, 0
00000664 - 9303a000         - addi t2, x0, 10
00000668 - 334e7502         - div t3, a0, t2
0000066c - b36e7502         - rem t4, a0, t2
00000670 - 1301c1ff         - addi sp, sp, -4
00000674 - 2320d101         - sw t4, 0(sp)
00000678 - 13031300         - addi t1, t1, 1
0000067c - 13050e00         - addi a0, t3, 0
00000680 - e31405fe         - bne a0, x0, -24
00000684 - 370fff00         - lui t5, 4080
00000688 - 130f8f00         - addi t5, t5, 8
0000068c - 930f0003         - addi t6, x0, 48
00000690 - 03250100         - lw a0, 0(sp)
00000694 - 13014100         - addi sp, sp, 4
00000698 - 3305f501         - add a0, a0, t6
0000069c - 2320af00         - sw a0, 0(t5)
000006a0 - 1303f3ff         - addi t1, t1, -1
000006a4 - e31603fe         - bne t1, x0, -20
000006a8 - 6f004001         - jal x0, 20
000006ac - 370fff00         - lui t5, 4080
000006b0 - 130f8f00         - addi t5, t5, 8
000006b4 - 13050003         - addi a0, x0, 48
000006b8 - 2320af00         - sw a0, 0(t5)
000006bc - 03250100         - lw a0, 0(sp)
000006c0 - 13014100         - addi sp, sp, 4
000006c4 - 67800000         - jalr x0, 0(ra)
000006c8 - 1301c1ff         - addi sp, sp, -4
000006cc - 2320a100         - sw a0, 0(sp)
000006d0 - 83220500         - lw t0, 0(a0)
000006d4 - 13034500         - addi t1, a0, 4
000006d8 - 370fff00         - lui t5, 4080
000006dc - 130f8f00         - addi t5, t5, 8
000006e0 - 638c0200         - beq t0, x0, 24
000006e4 - 832f0300         - lw t6, 0(t1)
000006e8 - 2320ff01         - sw t6, 0(t5)
000006ec - 13034300         - addi t1, t1, 4
000006f0 - 9382f2ff         - addi t0, t0, -1
000006f4 - 6ff0dffe         - jal x0, -20
000006f8 - 03250100         - lw a0, 0(sp)
000006fc - 13014100         - addi sp, sp, 4
00000700 - 67800000         - jalr x0, 0(ra)
00000704 - 130141fe         - addi sp, sp, -28
00000708 - 23205100         - sw t0, 0(sp)
0000070c - 23226100         - sw t1, 4(sp)
00000710 - 23247100         - sw t2, 8(sp)
00000714 - 2326c101         - sw t3, 12(sp)
00000718 - 2328d101         - sw t4, 16(sp)
0000071c - 232ae101         - sw t5, 20(sp)
00000720 - 232cf101         - sw t6, 24(sp)
00000724 - b70fff00         - lui t6, 4080
00000728 - 938f0f00         - addi t6, t6, 0
0000072c - 83a24f00         - lw t0, 4(t6)
00000730 - 130f1000         - addi t5, x0, 1
00000734 - 23a8ef01         - sw t5, 16(t6)
00000738 - 370e0100         - lui t3, 16
0000073c - 130e8e02         - addi t3, t3, 40
00000740 - 832e0e00         - lw t4, 0(t3)
00000744 - 83234e00         - lw t2, 4(t3)
00000748 - 13831300         - addi t1, t2, 1
0000074c - 130ff000         - addi t5, x0, 15
00000750 - 3373e301         - and t1, t1, t5
00000754 - 630ed301         - beq t1, t4, 28
00000758 - 930f2000         - addi t6, x0, 2
0000075c - 339ff301         - sll t5, t2, t6
00000760 - 930f8e00         - addi t6, t3, 8
00000764 - b38fef01         - add t6, t6, t5
00000768 - 23a05f00         - sw t0, 0(t6)
0000076c - 23226e00         - sw t1, 4(t3)
00000770 - 83220100         - lw t0, 0(sp)
00000774 - 03234100         - lw t1, 4(sp)
00000778 - 83238100         - lw t2, 8(sp)
0000077c - 032ec100         - lw t3, 12(sp)
00000780 - 832e0101         - lw t4, 16(sp)
00000784 - 032f4101         - lw t5, 20(sp)
00000788 - 832f8101         - lw t6, 24(sp)
0000078c - 1301c101         - addi sp, sp, 28
00000790 - 73002030         - mret

[.data @ 0x00010000]
00010000 - 00000000         - .word 0x00000000
00010004 - 00000000         - .word 0x00000000
00010008 - 00000000         - .word 0x00000000
0001000c - 00000000         - .word 0x00000000
00010010 - 00000000         - .word 0x00000000
00010014 - 0100000020000000 - .pstr " "
0001001c - 010000000a000000 - .pstr "
"
00010024 - 00000300         - .word 0x00030000
00010028 - 00000000         - .word 0x00000000
0001002c - 00000000         - .word 0x00000000
00010030 - 00000000         - .word 0x00000000
00010034 - 00000000         - .word 0x00000000
00010038 - 00000000         - .word 0x00000000
0001003c - 00000000         - .word 0x00000000
00010040 - 00000000         - .word 0x00000000
00010044 - 00000000         - .word 0x00000000
00010048 - 00000000         - .word 0x00000000
0001004c - 00000000         - .word 0x00000000
00010050 - 00000000         - .word 0x00000000
00010054 - 00000000         - .word 0x00000000
00010058 - 00000000         - .word 0x00000000
0001005c - 00000000         - .word 0x00000000
00010060 - 00000000         - .word 0x00000000
00010064 - 00000000         - .word 0x00000000
00010068 - 00000000         - .word 0x00000000
0001006c - 00000000         - .word 0x00000000
